// Jest Snapshot v1, https://goo.gl/fbAQLP

exports[`CreditCardData renders correctly 1`] = `
<View
  accessible={true}
  focusable={true}
  onClick={[Function]}
  onResponderGrant={[Function]}
  onResponderMove={[Function]}
  onResponderRelease={[Function]}
  onResponderTerminate={[Function]}
  onResponderTerminationRequest={[Function]}
  onStartShouldSetResponder={[Function]}
  style={
    Object {
      "opacity": 1,
    }
  }
  testID="CreditCardData0"
>
  <View
    style={
      Object {
        "backgroundColor": "#2C3D49",
        "borderRadius": 12,
        "width": "100%",
      }
    }
  >
    <View
      style={
        Object {
          "paddingHorizontal": 12,
          "paddingVertical": 18,
        }
      }
    >
      <View
        style={
          Object {
            "alignItems": "center",
            "display": "flex",
            "flexDirection": "row",
          }
        }
      >
        <View
          style={
            Object {
              "alignItems": "flex-start",
              "width": "90%",
            }
          }
        >
          <View
            style={
              Object {
                "alignItems": "center",
                "flexDirection": "row",
              }
            }
          >
            <Text
              style={
                Object {
                  "color": "#fff",
                  "fontFamily": "OpenSans-Bold",
                  "fontSize": 18,
                }
              }
            >
              Citi
            </Text>
            <Text
              style={
                Object {
                  "color": "#fff",
                  "fontFamily": "OpenSans-Regular",
                  "fontSize": 14,
                }
              }
            >
               (2267)
            </Text>
          </View>
        </View>
        <View
          style={
            Object {
              "alignItems": "flex-end",
              "width": "10%",
            }
          }
        >
          <RNSVGSvgView
            align="xMidYMid"
            bbHeight={26.888}
            bbWidth={38.073}
            focusable={false}
            height={26.888}
            meetOrSlice={0}
            minX={0}
            minY={0}
            style={
              Array [
                Object {
                  "backgroundColor": "transparent",
                  "borderWidth": 0,
                },
                Object {
                  "flex": 0,
                  "height": 26,
                  "width": 38,
                },
              ]
            }
            vbHeight={26.888}
            vbWidth={38.073}
            width={38.073}
            xml="


<svg  xmlns=\\"http://www.w3.org/2000/svg\\" 
width=\\"38.073\\"
 height=\\"26.888\\"
viewBox=\\"0 0 38.073 26.888\\">
  <path  d=\\"M112.574,56.462A6.421,6.421,0,1,0,110.6,58.28l4.734,4.707a1.345,1.345,0,1,0,1.948-1.851l-.049-.049Zm-5.243.384a4.141,4.141,0,1,1,2.929-1.216A4.141,4.141,0,0,1,107.331,56.847Z\\" transform=\\"translate(-79.613 -36.552)\\" 
  fill=\\"#29b782\\"/>
  <path  d=\\"M31.45,5.1V3.44A3.44,3.44,0,0,0,28.009,0H3.44A3.44,3.44,0,0,0,0,3.44V5.1a.308.308,0,0,0,.308.308H31.142A.308.308,0,0,0,31.45,5.1Z\\" 
  fill=\\"#29b782\\"/>
  <path  d=\\"M31.142,34.92H.308A.308.308,0,0,0,0,35.228v10.5a3.44,3.44,0,0,0,3.44,3.44H21.977A7.9,7.9,0,0,1,31.45,36.786V35.228a.308.308,0,0,0-.308-.308ZM7.862,43.274a.984.984,0,0,1-.984.984H5.9a.984.984,0,0,1-.984-.984v-.984a.984.984,0,0,1,.984-.981h.981a.981.981,0,0,1,.984.981Z\\" transform=\\"translate(0 -27.549)\\" 
  fill=\\"#29b782\\"/>
</svg>


"
            xmlns="http://www.w3.org/2000/svg"
          >
            <RNSVGGroup>
              <RNSVGPath
                d="M112.574,56.462A6.421,6.421,0,1,0,110.6,58.28l4.734,4.707a1.345,1.345,0,1,0,1.948-1.851l-.049-.049Zm-5.243.384a4.141,4.141,0,1,1,2.929-1.216A4.141,4.141,0,0,1,107.331,56.847Z"
                fill={4280924034}
                matrix={
                  Array [
                    1,
                    0,
                    0,
                    1,
                    -79.613,
                    -36.552,
                  ]
                }
                propList={
                  Array [
                    "fill",
                  ]
                }
              />
              <RNSVGPath
                d="M31.45,5.1V3.44A3.44,3.44,0,0,0,28.009,0H3.44A3.44,3.44,0,0,0,0,3.44V5.1a.308.308,0,0,0,.308.308H31.142A.308.308,0,0,0,31.45,5.1Z"
                fill={4280924034}
                propList={
                  Array [
                    "fill",
                  ]
                }
              />
              <RNSVGPath
                d="M31.142,34.92H.308A.308.308,0,0,0,0,35.228v10.5a3.44,3.44,0,0,0,3.44,3.44H21.977A7.9,7.9,0,0,1,31.45,36.786V35.228a.308.308,0,0,0-.308-.308ZM7.862,43.274a.984.984,0,0,1-.984.984H5.9a.984.984,0,0,1-.984-.984v-.984a.984.984,0,0,1,.984-.981h.981a.981.981,0,0,1,.984.981Z"
                fill={4280924034}
                matrix={
                  Array [
                    1,
                    0,
                    0,
                    1,
                    0,
                    -27.549,
                  ]
                }
                propList={
                  Array [
                    "fill",
                  ]
                }
              />
            </RNSVGGroup>
          </RNSVGSvgView>
        </View>
      </View>
    </View>
  </View>
</View>
`;
